

Mon Mar 17 22:44:06 2025
Command line: TestDisk

TestDisk 7.1, Data Recovery Utility, July 2019
Christophe GRENIER <grenier@cgsecurity.org>
https://www.cgsecurity.org
OS: Linux, kernel 5.15.153.1-microsoft-standard-WSL2 (#1 SMP Fri Mar 29 23:14:13 UTC 2024) x86_64
Compiler: GCC 13.2
ext2fs lib: 1.47.0, ntfs lib: libntfs-3g, reiserfs lib: none, ewf lib: none, curses lib: ncurses 6.4
Warning: can't get size for Disk /dev/mapper/control - 0 B - 0 sectors, sector size=512
Warning: can't get size for Disk /dev/loop0 - 0 B - 0 sectors, sector size=512
Warning: can't get size for Disk /dev/loop1 - 0 B - 0 sectors, sector size=512
Warning: can't get size for Disk /dev/loop2 - 0 B - 0 sectors, sector size=512
Warning: can't get size for Disk /dev/loop3 - 0 B - 0 sectors, sector size=512
Warning: can't get size for Disk /dev/loop4 - 0 B - 0 sectors, sector size=512
Warning: can't get size for Disk /dev/loop5 - 0 B - 0 sectors, sector size=512
Warning: can't get size for Disk /dev/loop6 - 0 B - 0 sectors, sector size=512
Warning: can't get size for Disk /dev/loop7 - 0 B - 0 sectors, sector size=512
Hard disk list
Disk /dev/sda - 407 MB / 388 MiB - CHS 49 255 63 (RO), sector size=512 - Msft Virtual Disk, FW:1.0
Disk /dev/sdb - 2147 MB / 2048 MiB - CHS 261 255 63, sector size=512 - Msft Virtual Disk, FW:1.0
Disk /dev/sdc - 1099 GB / 1024 GiB - CHS 133674 255 63, sector size=512 - Msft Virtual Disk, FW:1.0

Partition table type (auto): None
Disk /dev/sdb - 2147 MB / 2048 MiB - Msft Virtual Disk
Partition table type: Intel

Interface Advanced

Analyse Disk /dev/sdb - 2147 MB / 2048 MiB - CHS 261 255 63
Current partition structure:

Partition sector doesn't have the endmark 0xAA55

search_part()
Disk /dev/sdb - 2147 MB / 2048 MiB - CHS 261 255 63

Results

interface_write()
 
No partition found or selected for recovery
simulate write!

write_mbr_i386: starting...
Store new MBR code
write_all_log_i386: starting...
No extended partition
Partition table type (auto): None
Disk /dev/sdc - 1099 GB / 1024 GiB - Msft Virtual Disk
Partition table type: Intel

Analyse Disk /dev/sdc - 1099 GB / 1024 GiB - CHS 133674 255 63
Current partition structure:

Partition sector doesn't have the endmark 0xAA55

search_part()
Disk /dev/sdc - 1099 GB / 1024 GiB - CHS 133674 255 63

block_group_nr 1

recover_EXT2: "e2fsck -b 32768 -B 4096 device" may be needed
recover_EXT2: s_block_group_nr=1/8192, s_mnt_count=0/4294967295, s_blocks_per_group=32768, s_inodes_per_group=8192
recover_EXT2: s_blocksize=4096
recover_EXT2: s_blocks_count 268435456
recover_EXT2: part_size 2147483648
Filesystem created: Wed Oct  2 13:37:24 2024
     Linux                    0   0  1 133674 172  2 2147483648
     ext4 blocksize=4096 Large_file Sparse_SB Backup_SB, 1099 GB / 1024 GiB
Partition not added.

block_group_nr 3

recover_EXT2: "e2fsck -b 98304 -B 4096 device" may be needed
recover_EXT2: s_block_group_nr=3/8192, s_mnt_count=0/4294967295, s_blocks_per_group=32768, s_inodes_per_group=8192
recover_EXT2: s_blocksize=4096
recover_EXT2: s_blocks_count 268435456
recover_EXT2: part_size 2147483648
Filesystem created: Wed Oct  2 13:37:24 2024
     Linux                    0   0  1 133674 172  2 2147483648
     ext4 blocksize=4096 Large_file Sparse_SB Backup_SB, 1099 GB / 1024 GiB
Partition not added.

block_group_nr 5

recover_EXT2: "e2fsck -b 163840 -B 4096 device" may be needed
recover_EXT2: s_block_group_nr=5/8192, s_mnt_count=0/4294967295, s_blocks_per_group=32768, s_inodes_per_group=8192
recover_EXT2: s_blocksize=4096
recover_EXT2: s_blocks_count 268435456
recover_EXT2: part_size 2147483648
Filesystem created: Wed Oct  2 13:37:24 2024
     Linux                    0   0  1 133674 172  2 2147483648
     ext4 blocksize=4096 Large_file Sparse_SB Backup_SB, 1099 GB / 1024 GiB
Partition not added.

block_group_nr 7

recover_EXT2: "e2fsck -b 229376 -B 4096 device" may be needed
recover_EXT2: s_block_group_nr=7/8192, s_mnt_count=0/4294967295, s_blocks_per_group=32768, s_inodes_per_group=8192
recover_EXT2: s_blocksize=4096
recover_EXT2: s_blocks_count 268435456
recover_EXT2: part_size 2147483648
Filesystem created: Wed Oct  2 13:37:24 2024
     Linux                    0   0  1 133674 172  2 2147483648
     ext4 blocksize=4096 Large_file Sparse_SB Backup_SB, 1099 GB / 1024 GiB
Partition not added.

block_group_nr 9

recover_EXT2: "e2fsck -b 294912 -B 4096 device" may be needed
recover_EXT2: s_block_group_nr=9/8192, s_mnt_count=0/4294967295, s_blocks_per_group=32768, s_inodes_per_group=8192
recover_EXT2: s_blocksize=4096
recover_EXT2: s_blocks_count 268435456
recover_EXT2: part_size 2147483648
Filesystem created: Wed Oct  2 13:37:24 2024
     Linux                    0   0  1 133674 172  2 2147483648
     ext4 blocksize=4096 Large_file Sparse_SB Backup_SB, 1099 GB / 1024 GiB
Partition not added.

block_group_nr 25

recover_EXT2: "e2fsck -b 819200 -B 4096 device" may be needed
recover_EXT2: s_block_group_nr=25/8192, s_mnt_count=0/4294967295, s_blocks_per_group=32768, s_inodes_per_group=8192
recover_EXT2: s_blocksize=4096
recover_EXT2: s_blocks_count 268435456
recover_EXT2: part_size 2147483648
Filesystem created: Wed Oct  2 13:37:24 2024
     Linux                    0   0  1 133674 172  2 2147483648
     ext4 blocksize=4096 Large_file Sparse_SB Backup_SB, 1099 GB / 1024 GiB
Partition not added.

block_group_nr 27

recover_EXT2: "e2fsck -b 884736 -B 4096 device" may be needed
recover_EXT2: s_block_group_nr=27/8192, s_mnt_count=0/4294967295, s_blocks_per_group=32768, s_inodes_per_group=8192
recover_EXT2: s_blocksize=4096
recover_EXT2: s_blocks_count 268435456
recover_EXT2: part_size 2147483648
Filesystem created: Wed Oct  2 13:37:24 2024
     Linux                    0   0  1 133674 172  2 2147483648
     ext4 blocksize=4096 Large_file Sparse_SB Backup_SB, 1099 GB / 1024 GiB
Partition not added.

block_group_nr 49

recover_EXT2: "e2fsck -b 1605632 -B 4096 device" may be needed
recover_EXT2: s_block_group_nr=49/8192, s_mnt_count=0/4294967295, s_blocks_per_group=32768, s_inodes_per_group=8192
recover_EXT2: s_blocksize=4096
recover_EXT2: s_blocks_count 268435456
recover_EXT2: part_size 2147483648
Filesystem created: Wed Oct  2 13:37:24 2024
     Linux                    0   0  1 133674 172  2 2147483648
     ext4 blocksize=4096 Large_file Sparse_SB Backup_SB, 1099 GB / 1024 GiB
Partition not added.

block_group_nr 81

recover_EXT2: "e2fsck -b 2654208 -B 4096 device" may be needed
recover_EXT2: s_block_group_nr=81/8192, s_mnt_count=0/4294967295, s_blocks_per_group=32768, s_inodes_per_group=8192
recover_EXT2: s_blocksize=4096
recover_EXT2: s_blocks_count 268435456
recover_EXT2: part_size 2147483648
Filesystem created: Wed Oct  2 13:37:24 2024
     Linux                    0   0  1 133674 172  2 2147483648
     ext4 blocksize=4096 Large_file Sparse_SB Backup_SB, 1099 GB / 1024 GiB
Partition not added.

block_group_nr 125

recover_EXT2: "e2fsck -b 4096000 -B 4096 device" may be needed
recover_EXT2: s_block_group_nr=125/8192, s_mnt_count=0/4294967295, s_blocks_per_group=32768, s_inodes_per_group=8192
recover_EXT2: s_blocksize=4096
recover_EXT2: s_blocks_count 268435456
recover_EXT2: part_size 2147483648
Filesystem created: Wed Oct  2 13:37:24 2024
     Linux                    0   0  1 133674 172  2 2147483648
     ext4 blocksize=4096 Large_file Sparse_SB Backup_SB, 1099 GB / 1024 GiB
Partition not added.

block_group_nr 243

recover_EXT2: "e2fsck -b 7962624 -B 4096 device" may be needed
recover_EXT2: s_block_group_nr=243/8192, s_mnt_count=0/4294967295, s_blocks_per_group=32768, s_inodes_per_group=8192
recover_EXT2: s_blocksize=4096
recover_EXT2: s_blocks_count 268435456
recover_EXT2: part_size 2147483648
Filesystem created: Wed Oct  2 13:37:24 2024
     Linux                    0   0  1 133674 172  2 2147483648
     ext4 blocksize=4096 Large_file Sparse_SB Backup_SB, 1099 GB / 1024 GiB
Partition not added.
Search for partition aborted

Results

interface_write()
 
No partition found or selected for recovery
simulate write!

write_mbr_i386: starting...
Store new MBR code
write_all_log_i386: starting...
No extended partition
Partition table type (auto): None
Partition table type (auto): None
Partition table type (auto): None
Media is opened in read-only.
Disk /dev/sda - 407 MB / 388 MiB (RO) - Msft Virtual Disk
Partition table type: Intel

Analyse Disk /dev/sda - 407 MB / 388 MiB - CHS 49 255 63 (RO)
Current partition structure:

Partition sector doesn't have the endmark 0xAA55

search_part()
Disk /dev/sda - 407 MB / 388 MiB - CHS 49 255 63 (RO)

Results

interface_write()
 
No partition found or selected for recovery
simulate write!

write_mbr_i386: starting...
Store new MBR code
write_all_log_i386: starting...
No extended partition
Partition table type (auto): None
Disk /dev/sdb - 2147 MB / 2048 MiB - Msft Virtual Disk
Partition table type: Intel

Analyse Disk /dev/sdb - 2147 MB / 2048 MiB - CHS 261 255 63
Current partition structure:

Partition sector doesn't have the endmark 0xAA55

search_part()
Disk /dev/sdb - 2147 MB / 2048 MiB - CHS 261 255 63

Results

interface_write()
 
No partition found or selected for recovery

search_part()
Disk /dev/sdb - 2147 MB / 2048 MiB - CHS 261 255 63

Results

interface_write()
 
No partition found or selected for recovery
simulate write!

write_mbr_i386: starting...
Store new MBR code
write_all_log_i386: starting...
No extended partition
Partition table type (auto): None
Media is opened in read-only.
Disk /dev/sda - 407 MB / 388 MiB (RO) - Msft Virtual Disk
Partition table type: None

Interface Advanced

recover_EXT2: s_block_group_nr=0/3, s_mnt_count=0/0, s_blocks_per_group=32768, s_inodes_per_group=3200
recover_EXT2: s_blocksize=4096
recover_EXT2: s_blocks_count 99438
recover_EXT2: part_size 795504
   P ext4                     0   0  1    49 132  3     795504
     ext4 blocksize=4096 Large_file, 407 MB / 388 MiB
Partition table type (auto): None
Disk /dev/sdb - 2147 MB / 2048 MiB - Msft Virtual Disk
Partition table type: None

Interface Advanced
   P Linux SWAP 2             0   0  1   261  21 24    4194312
     SWAP2 version 1, pagesize=4096, 2147 MB / 2048 MiB
SIGHUP detected! TestDisk has been killed.
